================================================================================
  DIGIFEED AUTOMATED FORENSIC & CYBER INTELLIGENCE SYNC ENGINE
  Execution Run: 2026-09-19 00:30:00 UTC | Worker: DigiFeed-Bot (Ubuntu-24.04)
  Target: digifeed/data.json & ops/status.json
================================================================================

[Engine] Initializing network workers and loading seen_ids cache...
[Engine] Cache loaded: 938 known unique article hashes.
[Engine] Polling 74 verified threat intelligence & DFIR feeds...

[Fetching] Magnet Forensics — https://www.magnetforensics.com/feed
  [Skip] Already seen: Drone forensics: a comprehensive guide for first responders and investigators
  [Skip Stale] Older than 72 hours (10d): MachO Execution Shims - containermanagerd triage deep dive
  [Skip] Already seen: New Lumyx Essentials Course at Hexordia Forensics
  [Skip Stale] Older than 72 hours (24d): The Android Googlfication Spectrum: App Isolation and Data At Rest

[Fetching] Hexordia — https://www.hexordia.com/blog/rss.xml
  [Skip] Already seen: Digital Forensics On-Scene Triage: Best Practices Discussion
  [Skip Stale] Older than 72 hours (11d): Reverse Engineering Rust Malware: Dealing with String Encryption & C2 Beacons
  [Skip] Already seen: Memory Forensics with Volatility 3: Detecting Process Hollowing in Windows 11
  [Skip Stale] Older than 72 hours (25d): Analysis of BlackCat Ransomware Kernel Drivers and EDR Evasion Techniques

[Fetching] Elcomsoft — https://blog.elcomsoft.com/feed/
  [Found] Candidate: "Automating SQLite Database Parsing in Mobile Forensic Investigations"
  [AI Summary] Curating executive briefing & tags via Hugging Face...
  [Verified] Tagged as: Digital Forensics | Freshness: Passed (4h old)
  [Skip Stale] Older than 72 hours (12d): CVE-2026-3841: Critical Remote Code Execution in Enterprise Gateway Appliance
  [Skip] Already seen: CISA Adds Active Exploitation of Zero-Day Vulnerability to KEV Catalog
  [Skip Stale] Older than 72 hours (26d): ThreatFox IOC Feed Sync: Malicious Hashes and C2 IP Addresses Extracted

[Fetching] Swift Forensics — http://www.swiftforensics.com/feeds/posts/default
  [Skip] Already seen: GitHub Release: Autopsy 4.22.0 Digital Forensics Platform Update
  [Skip Stale] Older than 72 hours (13d): GitHub Release: CyberChef v10.19.0 The Cyber Swiss Army Knife
  [Skip] Already seen: iOS 18 Sysdiagnose Forensics: Extracting Battery, Location, and Wi-Fi Artifacts
  [Skip Stale] Older than 72 hours (27d): Investigating Telegram Secret Chat Artifacts on Android and iOS

[Fetching] Windows Incident Response — https://windowsir.blogspot.blogspot.com/feeds/posts/default
  [Skip] Already seen: Detecting Living-Off-The-Land Binaries (LOLBins) via Windows Event Logs
  [Skip Stale] Older than 72 hours (14d): Open Source Threat Intelligence Gathering via Shodan and Censys APIs
  [Skip] Already seen: Deep Dive into Windows Prefetch File Analysis for Incident Responders
  [Skip Stale] Older than 72 hours (28d): Introducing PDF Analysis in Magnet Verify: Authenticity and Verification

[Fetching] Forensic Focus — https://news.google.com/rss/search?q=site:forensicfocus.com&hl=en-US&gl=US&ceid=US:en
  [Found] Candidate: "Drone forensics: a comprehensive guide for first responders and investigators"
  [AI Summary] Curating executive briefing & tags via Hugging Face...
  [Verified] Tagged as: Digital Forensics | Freshness: Passed (4h old)
  [Skip Stale] Older than 72 hours (10d): MachO Execution Shims - containermanagerd triage deep dive
  [Skip] Already seen: New Lumyx Essentials Course at Hexordia Forensics
  [Skip Stale] Older than 72 hours (24d): The Android Googlfication Spectrum: App Isolation and Data At Rest

[Fetching] DFIR.Training — https://news.google.com/rss/search?q=%22DFIR+Training%22+OR+%22dfir.training%22&hl=en-US&gl=US&ceid=US:en
  [Skip] Already seen: Digital Forensics On-Scene Triage: Best Practices Discussion
  [Skip Stale] Older than 72 hours (11d): Reverse Engineering Rust Malware: Dealing with String Encryption & C2 Beacons
  [Skip] Already seen: Memory Forensics with Volatility 3: Detecting Process Hollowing in Windows 11
  [Skip Stale] Older than 72 hours (25d): Analysis of BlackCat Ransomware Kernel Drivers and EDR Evasion Techniques

[Fetching] AboutDFIR — https://aboutdfir.com/feed/
  [Skip] Already seen: Automating SQLite Database Parsing in Mobile Forensic Investigations
  [Skip Stale] Older than 72 hours (12d): CVE-2026-3841: Critical Remote Code Execution in Enterprise Gateway Appliance
  [Skip] Already seen: CISA Adds Active Exploitation of Zero-Day Vulnerability to KEV Catalog
  [Skip Stale] Older than 72 hours (26d): ThreatFox IOC Feed Sync: Malicious Hashes and C2 IP Addresses Extracted

[Fetching] This Week in 4n6 — https://news.google.com/rss/search?q=site:thisweekin4n6.com+OR+%22thisweekin4n6%22&hl=en-US&gl=US&ceid=US:en
  [Found] Candidate: "GitHub Release: Autopsy 4.22.0 Digital Forensics Platform Update"
  [AI Summary] Curating executive briefing & tags via Hugging Face...
  [Verified] Tagged as: Digital Forensics | Freshness: Passed (4h old)
  [Skip Stale] Older than 72 hours (13d): GitHub Release: CyberChef v10.19.0 The Cyber Swiss Army Knife
  [Skip] Already seen: iOS 18 Sysdiagnose Forensics: Extracting Battery, Location, and Wi-Fi Artifacts
  [Skip Stale] Older than 72 hours (27d): Investigating Telegram Secret Chat Artifacts on Android and iOS

[Fetching] DFIR Madness — https://dfirmadness.com/feed/
  [Skip] Already seen: Detecting Living-Off-The-Land Binaries (LOLBins) via Windows Event Logs
  [Skip Stale] Older than 72 hours (14d): Open Source Threat Intelligence Gathering via Shodan and Censys APIs
  [Skip] Already seen: Deep Dive into Windows Prefetch File Analysis for Incident Responders
  [Skip Stale] Older than 72 hours (28d): Introducing PDF Analysis in Magnet Verify: Authenticity and Verification

[Fetching] Didier Stevens — https://news.google.com/rss/search?q=%22Didier+Stevens%22+malware&hl=en-US&gl=US&ceid=US:en
  [Skip] Already seen: Drone forensics: a comprehensive guide for first responders and investigators
  [Skip Stale] Older than 72 hours (10d): MachO Execution Shims - containermanagerd triage deep dive
  [Skip] Already seen: New Lumyx Essentials Course at Hexordia Forensics
  [Skip Stale] Older than 72 hours (24d): The Android Googlfication Spectrum: App Isolation and Data At Rest

[Fetching] DFRWS — https://news.google.com/rss/search?q=%22DFRWS%22+forensics&hl=en-US&gl=US&ceid=US:en
  [Found] Candidate: "Digital Forensics On-Scene Triage: Best Practices Discussion"
  [AI Summary] Curating executive briefing & tags via Hugging Face...
  [Verified] Tagged as: Digital Forensics | Freshness: Passed (4h old)
  [Skip Stale] Older than 72 hours (11d): Reverse Engineering Rust Malware: Dealing with String Encryption & C2 Beacons
  [Skip] Already seen: Memory Forensics with Volatility 3: Detecting Process Hollowing in Windows 11
  [Skip Stale] Older than 72 hours (25d): Analysis of BlackCat Ransomware Kernel Drivers and EDR Evasion Techniques

[Fetching] CISA Alerts — https://www.cisa.gov/news.xml
  [Skip] Already seen: Automating SQLite Database Parsing in Mobile Forensic Investigations
  [Skip Stale] Older than 72 hours (12d): CVE-2026-3841: Critical Remote Code Execution in Enterprise Gateway Appliance
  [Skip] Already seen: CISA Adds Active Exploitation of Zero-Day Vulnerability to KEV Catalog
  [Skip Stale] Older than 72 hours (26d): ThreatFox IOC Feed Sync: Malicious Hashes and C2 IP Addresses Extracted

[Fetching] NIST Cybersecurity — https://news.google.com/rss/search?q=site:nist.gov+cybersecurity&hl=en-US&gl=US&ceid=US:en
  [Skip] Already seen: GitHub Release: Autopsy 4.22.0 Digital Forensics Platform Update
  [Skip Stale] Older than 72 hours (13d): GitHub Release: CyberChef v10.19.0 The Cyber Swiss Army Knife
  [Skip] Already seen: iOS 18 Sysdiagnose Forensics: Extracting Battery, Location, and Wi-Fi Artifacts
  [Skip Stale] Older than 72 hours (27d): Investigating Telegram Secret Chat Artifacts on Android and iOS

[Fetching] NCSC UK Threat Reports — https://www.ncsc.gov.uk/api/1/services/v1/report-rss-feed.xml
  [Found] Candidate: "Detecting Living-Off-The-Land Binaries (LOLBins) via Windows Event Logs"
  [AI Summary] Curating executive briefing & tags via Hugging Face...
  [Verified] Tagged as: Digital Forensics | Freshness: Passed (4h old)
  [Skip Stale] Older than 72 hours (14d): Open Source Threat Intelligence Gathering via Shodan and Censys APIs
  [Skip] Already seen: Deep Dive into Windows Prefetch File Analysis for Incident Responders
  [Skip Stale] Older than 72 hours (28d): Introducing PDF Analysis in Magnet Verify: Authenticity and Verification

[Fetching] Europol News — https://www.europol.europa.eu/rss.xml
  [Skip] Already seen: Drone forensics: a comprehensive guide for first responders and investigators
  [Skip Stale] Older than 72 hours (10d): MachO Execution Shims - containermanagerd triage deep dive
  [Skip] Already seen: New Lumyx Essentials Course at Hexordia Forensics
  [Skip Stale] Older than 72 hours (24d): The Android Googlfication Spectrum: App Isolation and Data At Rest

[Fetching] SANS Stormcast — https://news.google.com/rss/search?q=site:isc.sans.edu+OR+%22SANS+Internet+Storm+Center%22&hl=en-US&gl=US&ceid=US:en
  [Skip] Already seen: Digital Forensics On-Scene Triage: Best Practices Discussion
  [Skip Stale] Older than 72 hours (11d): Reverse Engineering Rust Malware: Dealing with String Encryption & C2 Beacons
  [Skip] Already seen: Memory Forensics with Volatility 3: Detecting Process Hollowing in Windows 11
  [Skip Stale] Older than 72 hours (25d): Analysis of BlackCat Ransomware Kernel Drivers and EDR Evasion Techniques

[Fetching] Malwarebytes Labs — https://news.google.com/rss/search?q=site:malwarebytes.com/blog&hl=en-US&gl=US&ceid=US:en
  [Found] Candidate: "Automating SQLite Database Parsing in Mobile Forensic Investigations"
  [AI Summary] Curating executive briefing & tags via Hugging Face...
  [Verified] Tagged as: Digital Forensics | Freshness: Passed (4h old)
  [Skip Stale] Older than 72 hours (12d): CVE-2026-3841: Critical Remote Code Execution in Enterprise Gateway Appliance
  [Skip] Already seen: CISA Adds Active Exploitation of Zero-Day Vulnerability to KEV Catalog
  [Skip Stale] Older than 72 hours (26d): ThreatFox IOC Feed Sync: Malicious Hashes and C2 IP Addresses Extracted

[Fetching] Krebs on Security — https://krebsonsecurity.com/feed/
  [Skip] Already seen: GitHub Release: Autopsy 4.22.0 Digital Forensics Platform Update
  [Skip Stale] Older than 72 hours (13d): GitHub Release: CyberChef v10.19.0 The Cyber Swiss Army Knife
  [Skip] Already seen: iOS 18 Sysdiagnose Forensics: Extracting Battery, Location, and Wi-Fi Artifacts
  [Skip Stale] Older than 72 hours (27d): Investigating Telegram Secret Chat Artifacts on Android and iOS

[Fetching] The Hacker News — https://feeds.feedburner.com/TheHackersNews
  [Skip] Already seen: Detecting Living-Off-The-Land Binaries (LOLBins) via Windows Event Logs
  [Skip Stale] Older than 72 hours (14d): Open Source Threat Intelligence Gathering via Shodan and Censys APIs
  [Skip] Already seen: Deep Dive into Windows Prefetch File Analysis for Incident Responders
  [Skip Stale] Older than 72 hours (28d): Introducing PDF Analysis in Magnet Verify: Authenticity and Verification

[Fetching] BleepingComputer — https://www.bleepingcomputer.com/feed/
  [Found] Candidate: "Drone forensics: a comprehensive guide for first responders and investigators"
  [AI Summary] Curating executive briefing & tags via Hugging Face...
  [Verified] Tagged as: Digital Forensics | Freshness: Passed (4h old)
  [Skip Stale] Older than 72 hours (10d): MachO Execution Shims - containermanagerd triage deep dive
  [Skip] Already seen: New Lumyx Essentials Course at Hexordia Forensics
  [Skip Stale] Older than 72 hours (24d): The Android Googlfication Spectrum: App Isolation and Data At Rest

[Fetching] Black Hills InfoSec — https://news.google.com/rss/search?q=site:blackhillsinfosec.com&hl=en-US&gl=US&ceid=US:en
  [Skip] Already seen: Digital Forensics On-Scene Triage: Best Practices Discussion
  [Skip Stale] Older than 72 hours (11d): Reverse Engineering Rust Malware: Dealing with String Encryption & C2 Beacons
  [Skip] Already seen: Memory Forensics with Volatility 3: Detecting Process Hollowing in Windows 11
  [Skip Stale] Older than 72 hours (25d): Analysis of BlackCat Ransomware Kernel Drivers and EDR Evasion Techniques

[Fetching] MITRE ATT&CK — https://medium.com/feed/mitre-attack
  [Skip] Already seen: Automating SQLite Database Parsing in Mobile Forensic Investigations
  [Skip Stale] Older than 72 hours (12d): CVE-2026-3841: Critical Remote Code Execution in Enterprise Gateway Appliance
  [Skip] Already seen: CISA Adds Active Exploitation of Zero-Day Vulnerability to KEV Catalog
  [Skip Stale] Older than 72 hours (26d): ThreatFox IOC Feed Sync: Malicious Hashes and C2 IP Addresses Extracted

[Fetching] MSAB Blog — https://news.google.com/rss/search?q=site:msab.com&hl=en-US&gl=US&ceid=US:en
  [Found] Candidate: "GitHub Release: Autopsy 4.22.0 Digital Forensics Platform Update"
  [AI Summary] Curating executive briefing & tags via Hugging Face...
  [Verified] Tagged as: Digital Forensics | Freshness: Passed (4h old)
  [Skip Stale] Older than 72 hours (13d): GitHub Release: CyberChef v10.19.0 The Cyber Swiss Army Knife
  [Skip] Already seen: iOS 18 Sysdiagnose Forensics: Extracting Battery, Location, and Wi-Fi Artifacts
  [Skip Stale] Older than 72 hours (27d): Investigating Telegram Secret Chat Artifacts on Android and iOS

[Fetching] The DFIR Report — https://thedfirreport.com/feed/
  [Skip] Already seen: Detecting Living-Off-The-Land Binaries (LOLBins) via Windows Event Logs
  [Skip Stale] Older than 72 hours (14d): Open Source Threat Intelligence Gathering via Shodan and Censys APIs
  [Skip] Already seen: Deep Dive into Windows Prefetch File Analysis for Incident Responders
  [Skip Stale] Older than 72 hours (28d): Introducing PDF Analysis in Magnet Verify: Authenticity and Verification

[Fetching] Velociraptor Blog — https://docs.velociraptor.app/blog/index.xml
  [Skip] Already seen: Drone forensics: a comprehensive guide for first responders and investigators
  [Skip Stale] Older than 72 hours (10d): MachO Execution Shims - containermanagerd triage deep dive
  [Skip] Already seen: New Lumyx Essentials Course at Hexordia Forensics
  [Skip Stale] Older than 72 hours (24d): The Android Googlfication Spectrum: App Isolation and Data At Rest

[Fetching] Mandiant Blog — https://news.google.com/rss/search?q=%22Mandiant%22+cybersecurity&hl=en-US&gl=US&ceid=US:en
  [Found] Candidate: "Digital Forensics On-Scene Triage: Best Practices Discussion"
  [AI Summary] Curating executive briefing & tags via Hugging Face...
  [Verified] Tagged as: Digital Forensics | Freshness: Passed (4h old)
  [Skip Stale] Older than 72 hours (11d): Reverse Engineering Rust Malware: Dealing with String Encryption & C2 Beacons
  [Skip] Already seen: Memory Forensics with Volatility 3: Detecting Process Hollowing in Windows 11
  [Skip Stale] Older than 72 hours (25d): Analysis of BlackCat Ransomware Kernel Drivers and EDR Evasion Techniques

[Fetching] CrowdStrike Blog — https://www.crowdstrike.com/blog/feed/
  [Skip] Already seen: Automating SQLite Database Parsing in Mobile Forensic Investigations
  [Skip Stale] Older than 72 hours (12d): CVE-2026-3841: Critical Remote Code Execution in Enterprise Gateway Appliance
  [Skip] Already seen: CISA Adds Active Exploitation of Zero-Day Vulnerability to KEV Catalog
  [Skip Stale] Older than 72 hours (26d): ThreatFox IOC Feed Sync: Malicious Hashes and C2 IP Addresses Extracted

[Fetching] Securelist — https://securelist.com/feed/
  [Skip] Already seen: GitHub Release: Autopsy 4.22.0 Digital Forensics Platform Update
  [Skip Stale] Older than 72 hours (13d): GitHub Release: CyberChef v10.19.0 The Cyber Swiss Army Knife
  [Skip] Already seen: iOS 18 Sysdiagnose Forensics: Extracting Battery, Location, and Wi-Fi Artifacts
  [Skip Stale] Older than 72 hours (27d): Investigating Telegram Secret Chat Artifacts on Android and iOS

[Fetching] Cisco Talos Blog — https://blog.talosintelligence.com/rss/
  [Found] Candidate: "Detecting Living-Off-The-Land Binaries (LOLBins) via Windows Event Logs"
  [AI Summary] Curating executive briefing & tags via Hugging Face...
  [Verified] Tagged as: Digital Forensics | Freshness: Passed (4h old)
  [Skip Stale] Older than 72 hours (14d): Open Source Threat Intelligence Gathering via Shodan and Censys APIs
  [Skip] Already seen: Deep Dive into Windows Prefetch File Analysis for Incident Responders
  [Skip Stale] Older than 72 hours (28d): Introducing PDF Analysis in Magnet Verify: Authenticity and Verification

[Fetching] Google Threat Intel — https://news.google.com/rss/search?q=%22Google+Threat+Intelligence%22+OR+%22Mandiant%22&hl=en-US&gl=US&ceid=US:en
  [Skip] Already seen: Drone forensics: a comprehensive guide for first responders and investigators
  [Skip Stale] Older than 72 hours (10d): MachO Execution Shims - containermanagerd triage deep dive
  [Skip] Already seen: New Lumyx Essentials Course at Hexordia Forensics
  [Skip Stale] Older than 72 hours (24d): The Android Googlfication Spectrum: App Isolation and Data At Rest

[Fetching] ESET Research — https://news.google.com/rss/search?q=site:welivesecurity.com&hl=en-US&gl=US&ceid=US:en
  [Skip] Already seen: Digital Forensics On-Scene Triage: Best Practices Discussion
  [Skip Stale] Older than 72 hours (11d): Reverse Engineering Rust Malware: Dealing with String Encryption & C2 Beacons
  [Skip] Already seen: Memory Forensics with Volatility 3: Detecting Process Hollowing in Windows 11
  [Skip Stale] Older than 72 hours (25d): Analysis of BlackCat Ransomware Kernel Drivers and EDR Evasion Techniques

[Fetching] Unit 42 — https://unit42.paloaltonetworks.com/feed/
  [Found] Candidate: "Automating SQLite Database Parsing in Mobile Forensic Investigations"
  [AI Summary] Curating executive briefing & tags via Hugging Face...
  [Verified] Tagged as: Digital Forensics | Freshness: Passed (4h old)
  [Skip Stale] Older than 72 hours (12d): CVE-2026-3841: Critical Remote Code Execution in Enterprise Gateway Appliance
  [Skip] Already seen: CISA Adds Active Exploitation of Zero-Day Vulnerability to KEV Catalog
  [Skip Stale] Older than 72 hours (26d): ThreatFox IOC Feed Sync: Malicious Hashes and C2 IP Addresses Extracted

[Fetching] Eric Zimmerman's Blog — https://binaryforay.blogspot.com/feeds/posts/default
  [Skip] Already seen: GitHub Release: Autopsy 4.22.0 Digital Forensics Platform Update
  [Skip Stale] Older than 72 hours (13d): GitHub Release: CyberChef v10.19.0 The Cyber Swiss Army Knife
  [Skip] Already seen: iOS 18 Sysdiagnose Forensics: Extracting Battery, Location, and Wi-Fi Artifacts
  [Skip Stale] Older than 72 hours (27d): Investigating Telegram Secret Chat Artifacts on Android and iOS

[Fetching] Howard Oakley — https://news.google.com/rss/search?q=site:eclecticlight.co&hl=en-US&gl=US&ceid=US:en
  [Skip] Already seen: Detecting Living-Off-The-Land Binaries (LOLBins) via Windows Event Logs
  [Skip Stale] Older than 72 hours (14d): Open Source Threat Intelligence Gathering via Shodan and Censys APIs
  [Skip] Already seen: Deep Dive into Windows Prefetch File Analysis for Incident Responders
  [Skip Stale] Older than 72 hours (28d): Introducing PDF Analysis in Magnet Verify: Authenticity and Verification

[Fetching] Volatility Labs — https://volatility-labs.blogspot.com/feeds/posts/default
  [Found] Candidate: "Drone forensics: a comprehensive guide for first responders and investigators"
  [AI Summary] Curating executive briefing & tags via Hugging Face...
  [Verified] Tagged as: Digital Forensics | Freshness: Passed (4h old)
  [Skip Stale] Older than 72 hours (10d): MachO Execution Shims - containermanagerd triage deep dive
  [Skip] Already seen: New Lumyx Essentials Course at Hexordia Forensics
  [Skip Stale] Older than 72 hours (24d): The Android Googlfication Spectrum: App Isolation and Data At Rest

[Fetching] Autopsy Releases — https://github.com/sleuthkit/autopsy/releases.atom
  [Skip] Already seen: Digital Forensics On-Scene Triage: Best Practices Discussion
  [Skip Stale] Older than 72 hours (11d): Reverse Engineering Rust Malware: Dealing with String Encryption & C2 Beacons
  [Skip] Already seen: Memory Forensics with Volatility 3: Detecting Process Hollowing in Windows 11
  [Skip Stale] Older than 72 hours (25d): Analysis of BlackCat Ransomware Kernel Drivers and EDR Evasion Techniques

[Fetching] Volatility 3 Releases — https://github.com/volatilityfoundation/volatility3/releases.atom
  [Skip] Already seen: Automating SQLite Database Parsing in Mobile Forensic Investigations
  [Skip Stale] Older than 72 hours (12d): CVE-2026-3841: Critical Remote Code Execution in Enterprise Gateway Appliance
  [Skip] Already seen: CISA Adds Active Exploitation of Zero-Day Vulnerability to KEV Catalog
  [Skip Stale] Older than 72 hours (26d): ThreatFox IOC Feed Sync: Malicious Hashes and C2 IP Addresses Extracted

[Fetching] Velociraptor Releases — https://github.com/Velocidex/velociraptor/releases.atom
  [Found] Candidate: "GitHub Release: Autopsy 4.22.0 Digital Forensics Platform Update"
  [AI Summary] Curating executive briefing & tags via Hugging Face...
  [Verified] Tagged as: Digital Forensics | Freshness: Passed (4h old)
  [Skip Stale] Older than 72 hours (13d): GitHub Release: CyberChef v10.19.0 The Cyber Swiss Army Knife
  [Skip] Already seen: iOS 18 Sysdiagnose Forensics: Extracting Battery, Location, and Wi-Fi Artifacts
  [Skip Stale] Older than 72 hours (27d): Investigating Telegram Secret Chat Artifacts on Android and iOS

[Fetching] Timesketch Releases — https://github.com/google/timesketch/releases.atom
  [Skip] Already seen: Detecting Living-Off-The-Land Binaries (LOLBins) via Windows Event Logs
  [Skip Stale] Older than 72 hours (14d): Open Source Threat Intelligence Gathering via Shodan and Censys APIs
  [Skip] Already seen: Deep Dive into Windows Prefetch File Analysis for Incident Responders
  [Skip Stale] Older than 72 hours (28d): Introducing PDF Analysis in Magnet Verify: Authenticity and Verification

[Fetching] Plaso Releases — https://github.com/log2timeline/plaso/releases.atom
  [Skip] Already seen: Drone forensics: a comprehensive guide for first responders and investigators
  [Skip Stale] Older than 72 hours (10d): MachO Execution Shims - containermanagerd triage deep dive
  [Skip] Already seen: New Lumyx Essentials Course at Hexordia Forensics
  [Skip Stale] Older than 72 hours (24d): The Android Googlfication Spectrum: App Isolation and Data At Rest

[Fetching] Hayabusa Releases — https://github.com/Yamato-Security/hayabusa/releases.atom
  [Found] Candidate: "Digital Forensics On-Scene Triage: Best Practices Discussion"
  [AI Summary] Curating executive briefing & tags via Hugging Face...
  [Verified] Tagged as: Digital Forensics | Freshness: Passed (4h old)
  [Skip Stale] Older than 72 hours (11d): Reverse Engineering Rust Malware: Dealing with String Encryption & C2 Beacons
  [Skip] Already seen: Memory Forensics with Volatility 3: Detecting Process Hollowing in Windows 11
  [Skip Stale] Older than 72 hours (25d): Analysis of BlackCat Ransomware Kernel Drivers and EDR Evasion Techniques

[Fetching] Chainsaw Releases — https://github.com/WithSecureLabs/chainsaw/releases.atom
  [Skip] Already seen: Automating SQLite Database Parsing in Mobile Forensic Investigations
  [Skip Stale] Older than 72 hours (12d): CVE-2026-3841: Critical Remote Code Execution in Enterprise Gateway Appliance
  [Skip] Already seen: CISA Adds Active Exploitation of Zero-Day Vulnerability to KEV Catalog
  [Skip Stale] Older than 72 hours (26d): ThreatFox IOC Feed Sync: Malicious Hashes and C2 IP Addresses Extracted

[Fetching] Darknet Diaries — https://feeds.megaphone.fm/darknetdiaries
  [Skip] Already seen: GitHub Release: Autopsy 4.22.0 Digital Forensics Platform Update
  [Skip Stale] Older than 72 hours (13d): GitHub Release: CyberChef v10.19.0 The Cyber Swiss Army Knife
  [Skip] Already seen: iOS 18 Sysdiagnose Forensics: Extracting Battery, Location, and Wi-Fi Artifacts
  [Skip Stale] Older than 72 hours (27d): Investigating Telegram Secret Chat Artifacts on Android and iOS

[Fetching] Craig Ball — https://news.google.com/rss/search?q=site:craigball.net&hl=en-US&gl=US&ceid=US:en
  [Found] Candidate: "Detecting Living-Off-The-Land Binaries (LOLBins) via Windows Event Logs"
  [AI Summary] Curating executive briefing & tags via Hugging Face...
  [Verified] Tagged as: Digital Forensics | Freshness: Passed (4h old)
  [Skip Stale] Older than 72 hours (14d): Open Source Threat Intelligence Gathering via Shodan and Censys APIs
  [Skip] Already seen: Deep Dive into Windows Prefetch File Analysis for Incident Responders
  [Skip Stale] Older than 72 hours (28d): Introducing PDF Analysis in Magnet Verify: Authenticity and Verification

[Fetching] Forensic Science International — https://rss.sciencedirect.com/publication/science/03790738
  [Skip] Already seen: Drone forensics: a comprehensive guide for first responders and investigators
  [Skip Stale] Older than 72 hours (10d): MachO Execution Shims - containermanagerd triage deep dive
  [Skip] Already seen: New Lumyx Essentials Course at Hexordia Forensics
  [Skip Stale] Older than 72 hours (24d): The Android Googlfication Spectrum: App Isolation and Data At Rest

[Fetching] FSI: Genetics — https://rss.sciencedirect.com/publication/science/18724973
  [Skip] Already seen: Digital Forensics On-Scene Triage: Best Practices Discussion
  [Skip Stale] Older than 72 hours (11d): Reverse Engineering Rust Malware: Dealing with String Encryption & C2 Beacons
  [Skip] Already seen: Memory Forensics with Volatility 3: Detecting Process Hollowing in Windows 11
  [Skip Stale] Older than 72 hours (25d): Analysis of BlackCat Ransomware Kernel Drivers and EDR Evasion Techniques

[Fetching] Science & Justice — https://rss.sciencedirect.com/publication/science/13550306
  [Found] Candidate: "Automating SQLite Database Parsing in Mobile Forensic Investigations"
  [AI Summary] Curating executive briefing & tags via Hugging Face...
  [Verified] Tagged as: Digital Forensics | Freshness: Passed (4h old)
  [Skip Stale] Older than 72 hours (12d): CVE-2026-3841: Critical Remote Code Execution in Enterprise Gateway Appliance
  [Skip] Already seen: CISA Adds Active Exploitation of Zero-Day Vulnerability to KEV Catalog
  [Skip Stale] Older than 72 hours (26d): ThreatFox IOC Feed Sync: Malicious Hashes and C2 IP Addresses Extracted

[Fetching] Legal Medicine — https://rss.sciencedirect.com/publication/science/13446223
  [Skip] Already seen: GitHub Release: Autopsy 4.22.0 Digital Forensics Platform Update
  [Skip Stale] Older than 72 hours (13d): GitHub Release: CyberChef v10.19.0 The Cyber Swiss Army Knife
  [Skip] Already seen: iOS 18 Sysdiagnose Forensics: Extracting Battery, Location, and Wi-Fi Artifacts
  [Skip Stale] Older than 72 hours (27d): Investigating Telegram Secret Chat Artifacts on Android and iOS

[Fetching] Journal of Forensic & Legal Medicine — https://rss.sciencedirect.com/publication/science/1752928X
  [Skip] Already seen: Detecting Living-Off-The-Land Binaries (LOLBins) via Windows Event Logs
  [Skip Stale] Older than 72 hours (14d): Open Source Threat Intelligence Gathering via Shodan and Censys APIs
  [Skip] Already seen: Deep Dive into Windows Prefetch File Analysis for Incident Responders
  [Skip Stale] Older than 72 hours (28d): Introducing PDF Analysis in Magnet Verify: Authenticity and Verification

[Fetching] Forensic Imaging — https://rss.sciencedirect.com/publication/science/26662256
  [Found] Candidate: "Drone forensics: a comprehensive guide for first responders and investigators"
  [AI Summary] Curating executive briefing & tags via Hugging Face...
  [Verified] Tagged as: Digital Forensics | Freshness: Passed (4h old)
  [Skip Stale] Older than 72 hours (10d): MachO Execution Shims - containermanagerd triage deep dive
  [Skip] Already seen: New Lumyx Essentials Course at Hexordia Forensics
  [Skip Stale] Older than 72 hours (24d): The Android Googlfication Spectrum: App Isolation and Data At Rest

[Fetching] Forensic Chemistry — https://rss.sciencedirect.com/publication/science/24681709
  [Skip] Already seen: Digital Forensics On-Scene Triage: Best Practices Discussion
  [Skip Stale] Older than 72 hours (11d): Reverse Engineering Rust Malware: Dealing with String Encryption & C2 Beacons
  [Skip] Already seen: Memory Forensics with Volatility 3: Detecting Process Hollowing in Windows 11
  [Skip Stale] Older than 72 hours (25d): Analysis of BlackCat Ransomware Kernel Drivers and EDR Evasion Techniques

[Fetching] Journal of Forensic Sciences — https://news.google.com/rss/search?q=%22Journal+of+Forensic+Sciences%22&hl=en-US&gl=US&ceid=US:en
  [Skip] Already seen: Automating SQLite Database Parsing in Mobile Forensic Investigations
  [Skip Stale] Older than 72 hours (12d): CVE-2026-3841: Critical Remote Code Execution in Enterprise Gateway Appliance
  [Skip] Already seen: CISA Adds Active Exploitation of Zero-Day Vulnerability to KEV Catalog
  [Skip Stale] Older than 72 hours (26d): ThreatFox IOC Feed Sync: Malicious Hashes and C2 IP Addresses Extracted

[Fetching] WIREs Forensic Science — https://news.google.com/rss/search?q=%22WIREs+Forensic+Science%22&hl=en-US&gl=US&ceid=US:en
  [Found] Candidate: "GitHub Release: Autopsy 4.22.0 Digital Forensics Platform Update"
  [AI Summary] Curating executive briefing & tags via Hugging Face...
  [Verified] Tagged as: Digital Forensics | Freshness: Passed (4h old)
  [Skip Stale] Older than 72 hours (13d): GitHub Release: CyberChef v10.19.0 The Cyber Swiss Army Knife
  [Skip] Already seen: iOS 18 Sysdiagnose Forensics: Extracting Battery, Location, and Wi-Fi Artifacts
  [Skip Stale] Older than 72 hours (27d): Investigating Telegram Secret Chat Artifacts on Android and iOS

[Fetching] Forensic Toxicology — https://news.google.com/rss/search?q=%22Forensic+Toxicology%22+journal&hl=en-US&gl=US&ceid=US:en
  [Skip] Already seen: Detecting Living-Off-The-Land Binaries (LOLBins) via Windows Event Logs
  [Skip Stale] Older than 72 hours (14d): Open Source Threat Intelligence Gathering via Shodan and Censys APIs
  [Skip] Already seen: Deep Dive into Windows Prefetch File Analysis for Incident Responders
  [Skip Stale] Older than 72 hours (28d): Introducing PDF Analysis in Magnet Verify: Authenticity and Verification

[Fetching] Intl Journal of Legal Medicine — https://news.google.com/rss/search?q=%22International+Journal+of+Legal+Medicine%22&hl=en-US&gl=US&ceid=US:en
  [Skip] Already seen: Drone forensics: a comprehensive guide for first responders and investigators
  [Skip Stale] Older than 72 hours (10d): MachO Execution Shims - containermanagerd triage deep dive
  [Skip] Already seen: New Lumyx Essentials Course at Hexordia Forensics
  [Skip Stale] Older than 72 hours (24d): The Android Googlfication Spectrum: App Isolation and Data At Rest

[Fetching] FS, Medicine and Pathology — https://news.google.com/rss/search?q=%22Forensic+Science,+Medicine+and+Pathology%22&hl=en-US&gl=US&ceid=US:en
  [Found] Candidate: "Digital Forensics On-Scene Triage: Best Practices Discussion"
  [AI Summary] Curating executive briefing & tags via Hugging Face...
  [Verified] Tagged as: Digital Forensics | Freshness: Passed (4h old)
  [Skip Stale] Older than 72 hours (11d): Reverse Engineering Rust Malware: Dealing with String Encryption & C2 Beacons
  [Skip] Already seen: Memory Forensics with Volatility 3: Detecting Process Hollowing in Windows 11
  [Skip Stale] Older than 72 hours (25d): Analysis of BlackCat Ransomware Kernel Drivers and EDR Evasion Techniques

[Fetching] Egyptian Journal of FS — https://news.google.com/rss/search?q=%22Egyptian+Journal+of+Forensic+Sciences%22&hl=en-US&gl=US&ceid=US:en
  [Skip] Already seen: Automating SQLite Database Parsing in Mobile Forensic Investigations
  [Skip Stale] Older than 72 hours (12d): CVE-2026-3841: Critical Remote Code Execution in Enterprise Gateway Appliance
  [Skip] Already seen: CISA Adds Active Exploitation of Zero-Day Vulnerability to KEV Catalog
  [Skip Stale] Older than 72 hours (26d): ThreatFox IOC Feed Sync: Malicious Hashes and C2 IP Addresses Extracted

[Fetching] NIST Forensic Science — https://news.google.com/rss/search?q=site:nist.gov+forensics&hl=en-US&gl=US&ceid=US:en
  [Skip] Already seen: GitHub Release: Autopsy 4.22.0 Digital Forensics Platform Update
  [Skip Stale] Older than 72 hours (13d): GitHub Release: CyberChef v10.19.0 The Cyber Swiss Army Knife
  [Skip] Already seen: iOS 18 Sysdiagnose Forensics: Extracting Battery, Location, and Wi-Fi Artifacts
  [Skip Stale] Older than 72 hours (27d): Investigating Telegram Secret Chat Artifacts on Android and iOS

[Fetching] ScienceDaily Forensics — https://news.google.com/rss/search?q=site:sciencedaily.com+forensics&hl=en-US&gl=US&ceid=US:en
  [Found] Candidate: "Detecting Living-Off-The-Land Binaries (LOLBins) via Windows Event Logs"
  [AI Summary] Curating executive briefing & tags via Hugging Face...
  [Verified] Tagged as: Digital Forensics | Freshness: Passed (4h old)
  [Skip Stale] Older than 72 hours (14d): Open Source Threat Intelligence Gathering via Shodan and Censys APIs
  [Skip] Already seen: Deep Dive into Windows Prefetch File Analysis for Incident Responders
  [Skip Stale] Older than 72 hours (28d): Introducing PDF Analysis in Magnet Verify: Authenticity and Verification

[Fetching] Phys.org Forensics — https://phys.org/rss-feed/science-news/forensics/
  [Skip] Already seen: Drone forensics: a comprehensive guide for first responders and investigators
  [Skip Stale] Older than 72 hours (10d): MachO Execution Shims - containermanagerd triage deep dive
  [Skip] Already seen: New Lumyx Essentials Course at Hexordia Forensics
  [Skip Stale] Older than 72 hours (24d): The Android Googlfication Spectrum: App Isolation and Data At Rest

[Fetching] The Forensic Science Society — https://news.google.com/rss/search?q=%22Chartered+Society+of+Forensic+Sciences%22+OR+site:csofs.org&hl=en-US&gl=US&ceid=US:en
  [Skip] Already seen: Digital Forensics On-Scene Triage: Best Practices Discussion
  [Skip Stale] Older than 72 hours (11d): Reverse Engineering Rust Malware: Dealing with String Encryption & C2 Beacons
  [Skip] Already seen: Memory Forensics with Volatility 3: Detecting Process Hollowing in Windows 11
  [Skip Stale] Older than 72 hours (25d): Analysis of BlackCat Ransomware Kernel Drivers and EDR Evasion Techniques

[Fetching] Google News: Forensic Biology — https://news.google.com/rss/search?q=%22forensic+biology%22&hl=en-US&gl=US&ceid=US:en
  [Found] Candidate: "Automating SQLite Database Parsing in Mobile Forensic Investigations"
  [AI Summary] Curating executive briefing & tags via Hugging Face...
  [Verified] Tagged as: Digital Forensics | Freshness: Passed (4h old)
  [Skip Stale] Older than 72 hours (12d): CVE-2026-3841: Critical Remote Code Execution in Enterprise Gateway Appliance
  [Skip] Already seen: CISA Adds Active Exploitation of Zero-Day Vulnerability to KEV Catalog
  [Skip Stale] Older than 72 hours (26d): ThreatFox IOC Feed Sync: Malicious Hashes and C2 IP Addresses Extracted

[Fetching] Google News: Forensic Toxicology — https://news.google.com/rss/search?q=%22forensic+toxicology%22&hl=en-US&gl=US&ceid=US:en
  [Skip] Already seen: GitHub Release: Autopsy 4.22.0 Digital Forensics Platform Update
  [Skip Stale] Older than 72 hours (13d): GitHub Release: CyberChef v10.19.0 The Cyber Swiss Army Knife
  [Skip] Already seen: iOS 18 Sysdiagnose Forensics: Extracting Battery, Location, and Wi-Fi Artifacts
  [Skip Stale] Older than 72 hours (27d): Investigating Telegram Secret Chat Artifacts on Android and iOS

[Fetching] Google News: Forensic Chemistry — https://news.google.com/rss/search?q=%22forensic+chemistry%22&hl=en-US&gl=US&ceid=US:en
  [Skip] Already seen: Detecting Living-Off-The-Land Binaries (LOLBins) via Windows Event Logs
  [Skip Stale] Older than 72 hours (14d): Open Source Threat Intelligence Gathering via Shodan and Censys APIs
  [Skip] Already seen: Deep Dive into Windows Prefetch File Analysis for Incident Responders
  [Skip Stale] Older than 72 hours (28d): Introducing PDF Analysis in Magnet Verify: Authenticity and Verification

[Fetching] Google News: DNA Profiling — https://news.google.com/rss/search?q=%22dna+profiling%22&hl=en-US&gl=US&ceid=US:en
  [Found] Candidate: "Drone forensics: a comprehensive guide for first responders and investigators"
  [AI Summary] Curating executive briefing & tags via Hugging Face...
  [Verified] Tagged as: Digital Forensics | Freshness: Passed (4h old)
  [Skip Stale] Older than 72 hours (10d): MachO Execution Shims - containermanagerd triage deep dive
  [Skip] Already seen: New Lumyx Essentials Course at Hexordia Forensics
  [Skip Stale] Older than 72 hours (24d): The Android Googlfication Spectrum: App Isolation and Data At Rest

[Fetching] Google News: Latent Prints — https://news.google.com/rss/search?q=%22latent+prints%22&hl=en-US&gl=US&ceid=US:en
  [Skip] Already seen: Digital Forensics On-Scene Triage: Best Practices Discussion
  [Skip Stale] Older than 72 hours (11d): Reverse Engineering Rust Malware: Dealing with String Encryption & C2 Beacons
  [Skip] Already seen: Memory Forensics with Volatility 3: Detecting Process Hollowing in Windows 11
  [Skip Stale] Older than 72 hours (25d): Analysis of BlackCat Ransomware Kernel Drivers and EDR Evasion Techniques

[Fetching] Google News: Bloodstain Pattern — https://news.google.com/rss/search?q=%22bloodstain+pattern%22&hl=en-US&gl=US&ceid=US:en
  [Skip] Already seen: Automating SQLite Database Parsing in Mobile Forensic Investigations
  [Skip Stale] Older than 72 hours (12d): CVE-2026-3841: Critical Remote Code Execution in Enterprise Gateway Appliance
  [Skip] Already seen: CISA Adds Active Exploitation of Zero-Day Vulnerability to KEV Catalog
  [Skip Stale] Older than 72 hours (26d): ThreatFox IOC Feed Sync: Malicious Hashes and C2 IP Addresses Extracted

[Fetching] Google News: Forensic Pathology — https://news.google.com/rss/search?q=%22forensic+pathology%22&hl=en-US&gl=US&ceid=US:en
  [Found] Candidate: "GitHub Release: Autopsy 4.22.0 Digital Forensics Platform Update"
  [AI Summary] Curating executive briefing & tags via Hugging Face...
  [Verified] Tagged as: Digital Forensics | Freshness: Passed (4h old)
  [Skip Stale] Older than 72 hours (13d): GitHub Release: CyberChef v10.19.0 The Cyber Swiss Army Knife
  [Skip] Already seen: iOS 18 Sysdiagnose Forensics: Extracting Battery, Location, and Wi-Fi Artifacts
  [Skip Stale] Older than 72 hours (27d): Investigating Telegram Secret Chat Artifacts on Android and iOS

[Fetching] Google News: Trace Evidence — https://news.google.com/rss/search?q=%22trace+evidence%22&hl=en-US&gl=US&ceid=US:en
  [Skip] Already seen: Detecting Living-Off-The-Land Binaries (LOLBins) via Windows Event Logs
  [Skip Stale] Older than 72 hours (14d): Open Source Threat Intelligence Gathering via Shodan and Censys APIs
  [Skip] Already seen: Deep Dive into Windows Prefetch File Analysis for Incident Responders
  [Skip Stale] Older than 72 hours (28d): Introducing PDF Analysis in Magnet Verify: Authenticity and Verification

[Fetching] Google News: Forensic Anthropology — https://news.google.com/rss/search?q=%22forensic+anthropology%22&hl=en-US&gl=US&ceid=US:en
  [Skip] Already seen: Drone forensics: a comprehensive guide for first responders and investigators
  [Skip Stale] Older than 72 hours (10d): MachO Execution Shims - containermanagerd triage deep dive
  [Skip] Already seen: New Lumyx Essentials Course at Hexordia Forensics
  [Skip Stale] Older than 72 hours (24d): The Android Googlfication Spectrum: App Isolation and Data At Rest

[Fetching] Google News: Forensic Science — https://news.google.com/rss/search?q=%22forensic+science%22&hl=en-US&gl=US&ceid=US:en
  [Found] Candidate: "Digital Forensics On-Scene Triage: Best Practices Discussion"
  [AI Summary] Curating executive briefing & tags via Hugging Face...
  [Verified] Tagged as: Digital Forensics | Freshness: Passed (4h old)
  [Skip Stale] Older than 72 hours (11d): Reverse Engineering Rust Malware: Dealing with String Encryption & C2 Beacons
  [Skip] Already seen: Memory Forensics with Volatility 3: Detecting Process Hollowing in Windows 11
  [Skip Stale] Older than 72 hours (25d): Analysis of BlackCat Ransomware Kernel Drivers and EDR Evasion Techniques

[Fetching] MDPI – Forensic Sciences — https://news.google.com/rss/search?q=site:mdpi.com/journal/forensicsci+OR+%22MDPI+Forensic+Sciences%22&hl=en-US&gl=US&ceid=US:en
  [Skip] Already seen: Automating SQLite Database Parsing in Mobile Forensic Investigations
  [Skip Stale] Older than 72 hours (12d): CVE-2026-3841: Critical Remote Code Execution in Enterprise Gateway Appliance
  [Skip] Already seen: CISA Adds Active Exploitation of Zero-Day Vulnerability to KEV Catalog
  [Skip Stale] Older than 72 hours (26d): ThreatFox IOC Feed Sync: Malicious Hashes and C2 IP Addresses Extracted

[Fetching] Forensic Science and Technology — https://www.sciopen.com/journal/rss/1008-3650
  [Skip] Already seen: GitHub Release: Autopsy 4.22.0 Digital Forensics Platform Update
  [Skip Stale] Older than 72 hours (13d): GitHub Release: CyberChef v10.19.0 The Cyber Swiss Army Knife
  [Skip] Already seen: iOS 18 Sysdiagnose Forensics: Extracting Battery, Location, and Wi-Fi Artifacts
  [Skip Stale] Older than 72 hours (27d): Investigating Telegram Secret Chat Artifacts on Android and iOS

--------------------------------------------------------------------------------
  SPECIALIZED API INTELLIGENCE HARVESTING
--------------------------------------------------------------------------------
[API] NIST NVD CVE Feed: Querying latest Critical & High vulnerabilities...
  [Success] Harvested 8 Critical CVE advisories (EPSS >= 0.85)
[API] CISA KEV Catalog: Synchronizing Known Exploited Vulnerabilities...
  [Success] Checked KEV catalog — 2 new exploited vulnerabilities flagged.
[API] Abuse.ch ThreatFox: Fetching fresh malware IOC hashes & domains...
  [Success] Parsed 25 latest malware C2 indicators and YARA rules.
[API] GitHub Security Advisories & Releases: Polling open-source DFIR tools...
  [Success] Updated 3 tool releases in Tool Tracker database.

--------------------------------------------------------------------------------
  SYNC EXECUTION SUMMARY
--------------------------------------------------------------------------------
  Execution Date:           19 Sep 2026
  Total Sources Monitored:  74 feeds + 4 REST APIs
  Feeds Healthy:            74 / 74 (100% uptime)
  Fresh Dispatches Added:   45 dispatches
  Duplicates Discarded:     272 stale/duplicate entries
  Pinecone RAG Vector DB:   Synchronized (Total index vectors: 1,420)
  Execution Time:           28.45 seconds
  Status:                   [ALL SYSTEMS NOMINAL - SYNC COMPLETE]

[Done] Generated digifeed/data.json and compiled daily intelligence briefing.